INFO: 2025/04/25 13:52:12 main.go:58: เริ่มต้นแอปพลิเคชัน...
INFO: 2025/04/25 13:52:12 main.go:63: DCN Application version 1.0.0, Running on windows amd64
INFO: 2025/04/25 13:52:12 main.go:71: โหลดการตั้งค่าเรียบร้อยแล้ว
INFO: 2025/04/25 13:52:12 main.go:82: ตั้งค่า proxy เรียบร้อยแล้ว
INFO: 2025/04/25 13:52:12 main.go:96: กำลังเริ่ม REST API server...
INFO: 2025/04/25 13:52:12 main.go:104: กำลังรอให้ REST API server เริ่มทำงาน...
INFO: 2025/04/25 13:52:14 main.go:110: กำลังตรวจสอบการเชื่อมต่อ API ที่: http://192.168.88.152:3000/api/speakers
INFO: 2025/04/25 13:52:14 main.go:150: การเชื่อมต่อ API สำเร็จ
INFO: 2025/04/25 13:52:14 main.go:175: แอปพลิเคชันพร้อมใช้งาน
INFO: 2025/04/25 13:54:27 main.go:58: เริ่มต้นแอปพลิเคชัน...
INFO: 2025/04/25 13:54:27 main.go:63: DCN Application version 1.0.0, Running on windows amd64
INFO: 2025/04/25 13:54:27 main.go:71: โหลดการตั้งค่าเรียบร้อยแล้ว
INFO: 2025/04/25 13:54:27 main.go:82: ตั้งค่า proxy เรียบร้อยแล้ว
INFO: 2025/04/25 13:54:27 main.go:96: กำลังเริ่ม REST API server...
INFO: 2025/04/25 13:54:27 main.go:104: กำลังรอให้ REST API server เริ่มทำงาน...
INFO: 2025/04/25 13:54:29 main.go:110: กำลังตรวจสอบการเชื่อมต่อ API ที่: http://192.168.88.152:3000/api/speakers
INFO: 2025/04/25 13:54:29 main.go:150: การเชื่อมต่อ API สำเร็จ
INFO: 2025/04/25 13:54:29 main.go:175: แอปพลิเคชันพร้อมใช้งาน
INFO: 2025/04/25 14:02:26 main.go:83: โหลดการตั้งค่าเรียบร้อยแล้ว
INFO: 2025/04/25 14:02:26 main.go:94: ตั้งค่า proxy เรียบร้อยแล้ว
INFO: 2025/04/25 14:02:26 main.go:108: กำลังเริ่ม REST API server...
INFO: 2025/04/25 14:02:26 main.go:116: กำลังรอให้ REST API server เริ่มทำงาน...
INFO: 2025/04/25 14:02:28 main.go:122: กำลังตรวจสอบการเชื่อมต่อ API ที่: http://192.168.88.152:3000/api/speakers
INFO: 2025/04/25 14:02:28 main.go:158: การเชื่อมต่อ API สำเร็จ
INFO: 2025/04/25 14:02:28 main.go:179: แอปพลิเคชันพร้อมใช้งาน
