INFO: 2025/04/25 13:22:13 main.go:58: เริ่มต้นแอปพลิเคชัน...
INFO: 2025/04/25 13:22:13 main.go:63: DCN Application version 1.0.0, Running on windows amd64
INFO: 2025/04/25 13:22:13 main.go:71: โหลดการตั้งค่าเรียบร้อยแล้ว
INFO: 2025/04/25 13:22:13 main.go:82: ตั้งค่า proxy เรียบร้อยแล้ว
INFO: 2025/04/25 13:22:13 main.go:96: กำลังเริ่ม REST API server...
INFO: 2025/04/25 13:22:13 main.go:104: กำลังรอให้ REST API server เริ่มทำงาน...
INFO: 2025/04/25 13:22:15 main.go:110: กำลังตรวจสอบการเชื่อมต่อ API ที่: http://localhost:3000/api/speakers
INFO: 2025/04/25 13:27:59 main.go:58: เริ่มต้นแอปพลิเคชัน...
INFO: 2025/04/25 13:27:59 main.go:63: DCN Application version 1.0.0, Running on windows amd64
INFO: 2025/04/25 13:27:59 main.go:71: โหลดการตั้งค่าเรียบร้อยแล้ว
INFO: 2025/04/25 13:27:59 main.go:82: ตั้งค่า proxy เรียบร้อยแล้ว
INFO: 2025/04/25 13:27:59 main.go:96: กำลังเริ่ม REST API server...
INFO: 2025/04/25 13:27:59 main.go:104: กำลังรอให้ REST API server เริ่มทำงาน...
INFO: 2025/04/25 13:28:01 main.go:110: กำลังตรวจสอบการเชื่อมต่อ API ที่: http://192.168.88.152:3000/api/speakers
INFO: 2025/04/25 13:28:01 main.go:150: การเชื่อมต่อ API สำเร็จ
INFO: 2025/04/25 13:28:01 main.go:175: แอปพลิเคชันพร้อมใช้งาน
INFO: 2025/04/25 13:46:19 main.go:58: เริ่มต้นแอปพลิเคชัน...
INFO: 2025/04/25 13:46:19 main.go:63: DCN Application version 1.0.0, Running on windows amd64
INFO: 2025/04/25 13:46:19 main.go:71: โหลดการตั้งค่าเรียบร้อยแล้ว
INFO: 2025/04/25 13:46:19 main.go:82: ตั้งค่า proxy เรียบร้อยแล้ว
INFO: 2025/04/25 13:46:19 main.go:96: กำลังเริ่ม REST API server...
INFO: 2025/04/25 13:46:19 main.go:104: กำลังรอให้ REST API server เริ่มทำงาน...
INFO: 2025/04/25 13:46:21 main.go:110: กำลังตรวจสอบการเชื่อมต่อ API ที่: http://192.168.88.152:3000/api/speakers
INFO: 2025/04/25 13:46:21 main.go:150: การเชื่อมต่อ API สำเร็จ
INFO: 2025/04/25 13:46:21 main.go:175: แอปพลิเคชันพร้อมใช้งาน
INFO: 2025/04/25 13:51:45 main.go:58: เริ่มต้นแอปพลิเคชัน...
INFO: 2025/04/25 13:51:45 main.go:63: DCN Application version 1.0.0, Running on windows amd64
INFO: 2025/04/25 13:51:45 main.go:71: โหลดการตั้งค่าเรียบร้อยแล้ว
INFO: 2025/04/25 13:51:45 main.go:82: ตั้งค่า proxy เรียบร้อยแล้ว
INFO: 2025/04/25 13:51:45 main.go:96: กำลังเริ่ม REST API server...
INFO: 2025/04/25 13:51:45 main.go:104: กำลังรอให้ REST API server เริ่มทำงาน...
INFO: 2025/04/25 13:51:47 main.go:110: กำลังตรวจสอบการเชื่อมต่อ API ที่: http://192.168.88.152:3000/api/speakers
INFO: 2025/04/25 13:51:47 main.go:150: การเชื่อมต่อ API สำเร็จ
INFO: 2025/04/25 13:51:47 main.go:175: แอปพลิเคชันพร้อมใช้งาน
