INFO: 2025/04/25 15:01:05 proxy.go:457: TCP Server initializing...
INFO: 2025/04/25 15:01:05 proxy.go:493: Listening on port 20001
INFO: 2025/04/25 17:04:41 proxy.go:537: TCP Server initializing...
INFO: 2025/04/25 17:04:41 proxy.go:573: Listening on port 20001
INFO: 2025/04/25 17:04:41 proxy.go:444: Mic ON: 0014 (ID: 14)
INFO: 2025/04/25 17:04:41 proxy.go:444: Mic ON: 0015 (ID: 15)
INFO: 2025/04/25 17:04:41 proxy.go:444: Mic ON: 0017 (ID: 17)
INFO: 2025/04/25 17:04:41 proxy.go:444: Mic ON: 0020 (ID: 20)
INFO: 2025/04/25 17:04:41 proxy.go:444: Mic ON: 0021 (ID: 21)
INFO: 2025/04/25 17:04:41 proxy.go:444: Mic ON: 0023 (ID: 23)
INFO: 2025/04/25 17:04:41 proxy.go:444: Mic ON: 0024 (ID: 24)
INFO: 2025/04/25 17:05:45 proxy.go:467: Mic OFF: 0024 (ID: 24)
INFO: 2025/04/25 17:05:49 proxy.go:467: Mic OFF: 0023 (ID: 23)
INFO: 2025/04/25 17:05:51 proxy.go:467: Mic OFF: 0017 (ID: 17)
INFO: 2025/04/25 17:05:51 proxy.go:467: Mic OFF: 0020 (ID: 20)
INFO: 2025/04/25 17:05:51 proxy.go:467: Mic OFF: 0021 (ID: 21)
INFO: 2025/04/25 17:05:51 proxy.go:467: Mic OFF: 0014 (ID: 14)
INFO: 2025/04/25 17:05:51 proxy.go:467: Mic OFF: 0015 (ID: 15)
INFO: 2025/04/25 17:05:52 proxy.go:444: Mic ON: 0014 (ID: 14)
INFO: 2025/04/25 17:05:52 proxy.go:444: Mic ON: 0015 (ID: 15)
INFO: 2025/04/25 17:05:52 proxy.go:444: Mic ON: 0017 (ID: 17)
INFO: 2025/04/25 17:05:52 proxy.go:444: Mic ON: 0020 (ID: 20)
INFO: 2025/04/25 17:05:57 proxy.go:444: Mic ON: 0023 (ID: 23)
INFO: 2025/04/25 17:06:02 proxy.go:467: Mic OFF: 0017 (ID: 17)
INFO: 2025/04/25 17:06:02 proxy.go:467: Mic OFF: 0020 (ID: 20)
INFO: 2025/04/25 17:06:02 proxy.go:467: Mic OFF: 0023 (ID: 23)
INFO: 2025/04/25 17:06:02 proxy.go:467: Mic OFF: 0014 (ID: 14)
INFO: 2025/04/25 17:06:02 proxy.go:467: Mic OFF: 0015 (ID: 15)
INFO: 2025/04/25 17:06:03 proxy.go:444: Mic ON: 0014 (ID: 14)
INFO: 2025/04/25 17:06:03 proxy.go:444: Mic ON: 0015 (ID: 15)
INFO: 2025/04/25 17:06:03 proxy.go:444: Mic ON: 0017 (ID: 17)
INFO: 2025/04/25 17:06:15 proxy.go:467: Mic OFF: 0017 (ID: 17)
INFO: 2025/04/25 17:06:15 proxy.go:467: Mic OFF: 0014 (ID: 14)
INFO: 2025/04/25 17:06:15 proxy.go:467: Mic OFF: 0015 (ID: 15)
INFO: 2025/04/25 17:07:11 proxy.go:444: Mic ON: 0024 (ID: 24)
INFO: 2025/04/25 17:07:19 proxy.go:467: Mic OFF: 0024 (ID: 24)
INFO: 2025/04/25 17:07:20 proxy.go:444: Mic ON: 0024 (ID: 24)
INFO: 2025/04/25 17:07:20 proxy.go:444: Mic ON: 0025 (ID: 25)
INFO: 2025/04/25 17:07:24 proxy.go:467: Mic OFF: 0024 (ID: 24)
INFO: 2025/04/25 17:07:24 proxy.go:467: Mic OFF: 0025 (ID: 25)
INFO: 2025/04/25 17:07:25 proxy.go:444: Mic ON: 0024 (ID: 24)
INFO: 2025/04/25 17:07:25 proxy.go:444: Mic ON: 0025 (ID: 25)
INFO: 2025/04/25 17:07:25 proxy.go:444: Mic ON: 0026 (ID: 26)
INFO: 2025/04/25 17:07:43 proxy.go:444: Mic ON: 0027 (ID: 27)
INFO: 2025/04/25 17:07:47 proxy.go:444: Mic ON: 0028 (ID: 28)
INFO: 2025/04/25 17:07:57 proxy.go:467: Mic OFF: 0024 (ID: 24)
INFO: 2025/04/25 17:08:29 proxy.go:182: Client 1 connected: 192.168.88.197:64617
INFO: 2025/04/25 17:08:41 proxy.go:467: Mic OFF: 0026 (ID: 26)
INFO: 2025/04/25 17:08:41 proxy.go:467: Mic OFF: 0027 (ID: 27)
INFO: 2025/04/25 17:08:41 proxy.go:467: Mic OFF: 0025 (ID: 25)
INFO: 2025/04/25 17:08:41 proxy.go:467: Mic OFF: 0028 (ID: 28)
INFO: 2025/04/25 17:08:42 proxy.go:444: Mic ON: 0026 (ID: 26)
INFO: 2025/04/25 17:08:42 proxy.go:444: Mic ON: 0027 (ID: 27)
INFO: 2025/04/25 17:08:42 proxy.go:444: Mic ON: 0028 (ID: 28)
INFO: 2025/04/25 17:09:29 proxy.go:205: Client 1 disconnected: 192.168.88.197:64617
INFO: 2025/04/25 17:25:29 proxy.go:557: TCP Server initializing...
INFO: 2025/04/25 17:25:29 proxy.go:593: Listening on port 20001
INFO: 2025/04/25 17:25:29 proxy.go:445: Mic ON: 0026 (ID: 26)
INFO: 2025/04/25 17:25:29 proxy.go:445: Mic ON: 0027 (ID: 27)
INFO: 2025/04/25 17:25:29 proxy.go:445: Mic ON: 0028 (ID: 28)
INFO: 2025/04/25 17:25:53 proxy.go:445: Mic ON: 0024 (ID: 24)
INFO: 2025/04/25 17:25:57 proxy.go:445: Mic ON: 0004 (ID: 4)
INFO: 2025/04/25 17:26:01 proxy.go:480: Mic OFF: 0024 (ID: 24)
INFO: 2025/04/25 17:26:05 proxy.go:480: Mic OFF: 0028 (ID: 28)
INFO: 2025/04/25 17:26:07 proxy.go:480: Mic OFF: 0027 (ID: 27)
INFO: 2025/04/25 17:26:07 proxy.go:480: Mic OFF: 0004 (ID: 4)
INFO: 2025/04/25 17:26:07 proxy.go:480: Mic OFF: 0026 (ID: 26)
INFO: 2025/04/25 17:26:08 proxy.go:445: Mic ON: 0004 (ID: 4)
INFO: 2025/04/25 17:26:08 proxy.go:445: Mic ON: 0026 (ID: 26)
INFO: 2025/04/25 17:26:08 proxy.go:445: Mic ON: 0027 (ID: 27)
INFO: 2025/04/25 17:26:08 proxy.go:445: Mic ON: 0046 (ID: 46)
INFO: 2025/04/25 17:26:55 proxy.go:480: Mic OFF: 0004 (ID: 4)
INFO: 2025/04/25 17:27:22 proxy.go:445: Mic ON: 0001 (ID: 1)
INFO: 2025/04/25 17:27:27 proxy.go:480: Mic OFF: 0046 (ID: 46)
INFO: 2025/04/25 17:27:27 proxy.go:480: Mic OFF: 0001 (ID: 1)
INFO: 2025/04/25 17:27:27 proxy.go:480: Mic OFF: 0026 (ID: 26)
INFO: 2025/04/25 17:27:27 proxy.go:480: Mic OFF: 0027 (ID: 27)
INFO: 2025/04/25 17:27:28 proxy.go:445: Mic ON: 0001 (ID: 1)
INFO: 2025/04/25 17:27:29 proxy.go:445: Mic ON: 0002 (ID: 2)
INFO: 2025/04/25 17:27:29 proxy.go:445: Mic ON: 0026 (ID: 26)
INFO: 2025/04/25 17:27:29 proxy.go:445: Mic ON: 0027 (ID: 27)
INFO: 2025/04/25 17:27:29 proxy.go:445: Mic ON: 0046 (ID: 46)
INFO: 2025/04/25 17:28:10 proxy.go:181: Client 1 connected: 192.168.88.197:64839
INFO: 2025/04/25 17:28:19 proxy.go:480: Mic OFF: 0002 (ID: 2)
INFO: 2025/04/25 17:28:34 proxy.go:480: Mic OFF: 0001 (ID: 1)
INFO: 2025/04/25 17:28:45 proxy.go:445: Mic ON: 0005 (ID: 5)
INFO: 2025/04/25 17:28:53 proxy.go:480: Mic OFF: 0026 (ID: 26)
INFO: 2025/04/25 17:28:53 proxy.go:480: Mic OFF: 0005 (ID: 5)
INFO: 2025/04/25 17:28:53 proxy.go:480: Mic OFF: 0027 (ID: 27)
INFO: 2025/04/25 17:28:53 proxy.go:480: Mic OFF: 0046 (ID: 46)
INFO: 2025/04/25 17:28:54 proxy.go:445: Mic ON: 0005 (ID: 5)
INFO: 2025/04/25 17:28:54 proxy.go:445: Mic ON: 0006 (ID: 6)
INFO: 2025/04/25 17:28:54 proxy.go:445: Mic ON: 0026 (ID: 26)
INFO: 2025/04/25 17:28:54 proxy.go:445: Mic ON: 0027 (ID: 27)
INFO: 2025/04/25 17:28:55 proxy.go:445: Mic ON: 0046 (ID: 46)
INFO: 2025/04/25 17:29:40 proxy.go:204: Client 1 disconnected: 192.168.88.197:64839
INFO: 2025/04/25 17:33:50 proxy.go:560: TCP Server initializing...
INFO: 2025/04/25 17:33:50 proxy.go:596: Listening on port 20001
INFO: 2025/04/25 17:33:50 proxy.go:445: Mic ON: 0005 (ID: 5)
INFO: 2025/04/25 17:33:50 proxy.go:445: Mic ON: 0006 (ID: 6)
INFO: 2025/04/25 17:33:50 proxy.go:445: Mic ON: 0026 (ID: 26)
INFO: 2025/04/25 17:33:50 proxy.go:445: Mic ON: 0027 (ID: 27)
INFO: 2025/04/25 17:33:50 proxy.go:445: Mic ON: 0046 (ID: 46)
INFO: 2025/04/25 17:34:09 proxy.go:483: Mic OFF: 0046 (ID: 46)
INFO: 2025/04/25 17:34:09 proxy.go:483: Mic OFF: 0005 (ID: 5)
INFO: 2025/04/25 17:34:09 proxy.go:483: Mic OFF: 0006 (ID: 6)
INFO: 2025/04/25 17:34:09 proxy.go:483: Mic OFF: 0026 (ID: 26)
INFO: 2025/04/25 17:34:09 proxy.go:483: Mic OFF: 0027 (ID: 27)
INFO: 2025/04/25 17:34:10 proxy.go:445: Mic ON: 0001 (ID: 1)
INFO: 2025/04/25 17:34:10 proxy.go:445: Mic ON: 0005 (ID: 5)
INFO: 2025/04/25 17:34:10 proxy.go:445: Mic ON: 0006 (ID: 6)
INFO: 2025/04/25 17:34:10 proxy.go:445: Mic ON: 0026 (ID: 26)
INFO: 2025/04/25 17:34:10 proxy.go:445: Mic ON: 0027 (ID: 27)
INFO: 2025/04/25 17:34:10 proxy.go:445: Mic ON: 0046 (ID: 46)
INFO: 2025/04/25 17:34:24 proxy.go:445: Mic ON: 0002 (ID: 2)
INFO: 2025/04/25 17:34:32 proxy.go:483: Mic OFF: 0006 (ID: 6)
INFO: 2025/04/25 17:34:32 proxy.go:483: Mic OFF: 0026 (ID: 26)
INFO: 2025/04/25 17:34:32 proxy.go:483: Mic OFF: 0027 (ID: 27)
INFO: 2025/04/25 17:34:32 proxy.go:483: Mic OFF: 0046 (ID: 46)
INFO: 2025/04/25 17:34:32 proxy.go:483: Mic OFF: 0001 (ID: 1)
INFO: 2025/04/25 17:34:32 proxy.go:483: Mic OFF: 0002 (ID: 2)
INFO: 2025/04/25 17:34:32 proxy.go:483: Mic OFF: 0005 (ID: 5)
INFO: 2025/04/25 17:34:33 proxy.go:445: Mic ON: 0001 (ID: 1)
INFO: 2025/04/25 17:34:33 proxy.go:445: Mic ON: 0002 (ID: 2)
INFO: 2025/04/25 17:34:33 proxy.go:445: Mic ON: 0003 (ID: 3)
INFO: 2025/04/25 17:34:33 proxy.go:445: Mic ON: 0005 (ID: 5)
INFO: 2025/04/25 17:34:33 proxy.go:445: Mic ON: 0006 (ID: 6)
INFO: 2025/04/25 17:34:33 proxy.go:445: Mic ON: 0026 (ID: 26)
INFO: 2025/04/25 17:34:33 proxy.go:445: Mic ON: 0027 (ID: 27)
INFO: 2025/04/25 17:34:33 proxy.go:445: Mic ON: 0046 (ID: 46)
INFO: 2025/04/25 17:37:38 proxy.go:483: Mic OFF: 0046 (ID: 46)
INFO: 2025/04/25 17:37:38 proxy.go:483: Mic OFF: 0001 (ID: 1)
INFO: 2025/04/25 17:37:38 proxy.go:483: Mic OFF: 0002 (ID: 2)
INFO: 2025/04/25 17:37:38 proxy.go:483: Mic OFF: 0003 (ID: 3)
INFO: 2025/04/25 17:37:38 proxy.go:483: Mic OFF: 0005 (ID: 5)
INFO: 2025/04/25 17:37:38 proxy.go:483: Mic OFF: 0006 (ID: 6)
INFO: 2025/04/25 17:37:38 proxy.go:483: Mic OFF: 0026 (ID: 26)
INFO: 2025/04/25 17:37:38 proxy.go:483: Mic OFF: 0027 (ID: 27)
INFO: 2025/04/25 17:37:59 proxy.go:445: Mic ON: 0001 (ID: 1)
INFO: 2025/04/25 17:37:59 proxy.go:445: Mic ON: 0002 (ID: 2)
INFO: 2025/04/25 17:37:59 proxy.go:445: Mic ON: 0003 (ID: 3)
INFO: 2025/04/25 17:37:59 proxy.go:445: Mic ON: 0005 (ID: 5)
INFO: 2025/04/25 17:37:59 proxy.go:445: Mic ON: 0006 (ID: 6)
INFO: 2025/04/25 17:37:59 proxy.go:445: Mic ON: 0026 (ID: 26)
INFO: 2025/04/25 17:37:59 proxy.go:445: Mic ON: 0027 (ID: 27)
INFO: 2025/04/25 17:37:59 proxy.go:445: Mic ON: 0046 (ID: 46)
INFO: 2025/04/25 17:44:21 proxy.go:486: TCP Server initializing...
INFO: 2025/04/25 17:44:21 proxy.go:522: Listening on port 20001
INFO: 2025/04/25 17:44:21 proxy.go:377: Mic ON: 0001 (ID: 1)
INFO: 2025/04/25 17:44:21 proxy.go:377: Mic ON: 0002 (ID: 2)
INFO: 2025/04/25 17:44:21 proxy.go:377: Mic ON: 0003 (ID: 3)
INFO: 2025/04/25 17:44:21 proxy.go:377: Mic ON: 0005 (ID: 5)
INFO: 2025/04/25 17:44:21 proxy.go:377: Mic ON: 0006 (ID: 6)
INFO: 2025/04/25 17:44:21 proxy.go:377: Mic ON: 0026 (ID: 26)
INFO: 2025/04/25 17:44:21 proxy.go:377: Mic ON: 0027 (ID: 27)
INFO: 2025/04/25 17:44:21 proxy.go:377: Mic ON: 0046 (ID: 46)
INFO: 2025/04/25 17:45:01 proxy.go:410: Mic OFF: 0006 (ID: 6)
INFO: 2025/04/25 17:45:10 proxy.go:410: Mic OFF: 0026 (ID: 26)
INFO: 2025/04/25 17:45:10 proxy.go:410: Mic OFF: 0027 (ID: 27)
INFO: 2025/04/25 17:45:10 proxy.go:410: Mic OFF: 0046 (ID: 46)
INFO: 2025/04/25 17:45:10 proxy.go:410: Mic OFF: 0001 (ID: 1)
INFO: 2025/04/25 17:45:10 proxy.go:410: Mic OFF: 0002 (ID: 2)
INFO: 2025/04/25 17:45:10 proxy.go:410: Mic OFF: 0003 (ID: 3)
INFO: 2025/04/25 17:45:10 proxy.go:410: Mic OFF: 0005 (ID: 5)
INFO: 2025/04/25 17:45:11 proxy.go:377: Mic ON: 0001 (ID: 1)
INFO: 2025/04/25 17:45:11 proxy.go:377: Mic ON: 0002 (ID: 2)
INFO: 2025/04/25 17:45:11 proxy.go:377: Mic ON: 0003 (ID: 3)
INFO: 2025/04/25 17:45:11 proxy.go:377: Mic ON: 0026 (ID: 26)
INFO: 2025/04/25 17:45:11 proxy.go:377: Mic ON: 0027 (ID: 27)
INFO: 2025/04/25 17:45:11 proxy.go:377: Mic ON: 0046 (ID: 46)
INFO: 2025/04/25 17:45:31 proxy.go:410: Mic OFF: 0027 (ID: 27)
INFO: 2025/04/25 17:45:37 proxy.go:410: Mic OFF: 0026 (ID: 26)
INFO: 2025/04/25 17:45:40 proxy.go:410: Mic OFF: 0046 (ID: 46)
INFO: 2025/04/25 17:45:44 proxy.go:410: Mic OFF: 0003 (ID: 3)
INFO: 2025/04/25 17:45:50 proxy.go:410: Mic OFF: 0002 (ID: 2)
INFO: 2025/04/25 17:47:58 proxy.go:377: Mic ON: 0002 (ID: 2)
INFO: 2025/04/25 17:48:20 proxy.go:410: Mic OFF: 0001 (ID: 1)
INFO: 2025/04/25 17:48:29 proxy.go:377: Mic ON: 0001 (ID: 1)
INFO: 2025/04/25 17:48:51 proxy.go:377: Mic ON: 0003 (ID: 3)
INFO: 2025/04/25 17:48:54 proxy.go:410: Mic OFF: 0001 (ID: 1)
INFO: 2025/04/25 17:48:54 proxy.go:410: Mic OFF: 0002 (ID: 2)
INFO: 2025/04/25 17:48:54 proxy.go:410: Mic OFF: 0003 (ID: 3)
INFO: 2025/04/25 17:48:55 proxy.go:377: Mic ON: 0001 (ID: 1)
INFO: 2025/04/25 17:48:55 proxy.go:377: Mic ON: 0002 (ID: 2)
INFO: 2025/04/25 17:48:55 proxy.go:377: Mic ON: 0003 (ID: 3)
INFO: 2025/04/25 17:48:55 proxy.go:377: Mic ON: 0004 (ID: 4)
INFO: 2025/04/25 17:54:09 proxy.go:508: TCP Server initializing...
INFO: 2025/04/25 17:54:09 proxy.go:544: Listening on port 20001
INFO: 2025/04/25 17:54:09 proxy.go:399: Mic ON: 0001 (ID: 1)
INFO: 2025/04/25 17:54:09 proxy.go:399: Mic ON: 0002 (ID: 2)
INFO: 2025/04/25 17:54:09 proxy.go:399: Mic ON: 0003 (ID: 3)
INFO: 2025/04/25 17:54:09 proxy.go:399: Mic ON: 0004 (ID: 4)
INFO: 2025/04/25 17:54:42 proxy.go:399: Mic ON: 0005 (ID: 5)
INFO: 2025/04/25 17:54:50 proxy.go:399: Mic ON: 0006 (ID: 6)
INFO: 2025/04/25 17:54:59 proxy.go:399: Mic ON: 0007 (ID: 7)
INFO: 2025/04/25 17:55:05 proxy.go:432: Mic OFF: 0001 (ID: 1)
INFO: 2025/04/25 17:55:14 proxy.go:432: Mic OFF: 0002 (ID: 2)
INFO: 2025/04/25 17:55:22 proxy.go:432: Mic OFF: 0003 (ID: 3)
INFO: 2025/04/25 17:55:49 proxy.go:181: Client 1 connected: 192.168.88.197:65145
INFO: 2025/04/25 17:55:56 proxy.go:432: Mic OFF: 0004 (ID: 4)
INFO: 2025/04/25 17:56:16 proxy.go:432: Mic OFF: 0005 (ID: 5)
INFO: 2025/04/25 17:56:26 proxy.go:432: Mic OFF: 0006 (ID: 6)
INFO: 2025/04/25 17:56:50 proxy.go:347: Reset all microphone states due to empty API response
INFO: 2025/04/25 17:56:53 proxy.go:347: Reset all microphone states due to empty API response
INFO: 2025/04/25 17:56:56 proxy.go:347: Reset all microphone states due to empty API response
INFO: 2025/04/25 17:56:58 proxy.go:399: Mic ON: 0007 (ID: 7)
INFO: 2025/04/25 17:57:13 proxy.go:399: Mic ON: 0001 (ID: 1)
INFO: 2025/04/25 17:57:17 proxy.go:399: Mic ON: 0002 (ID: 2)
INFO: 2025/04/25 17:57:46 proxy.go:399: Mic ON: 0004 (ID: 4)
INFO: 2025/04/25 17:58:19 proxy.go:204: Client 1 disconnected: 192.168.88.197:65145
INFO: 2025/04/25 18:05:29 proxy.go:181: Client 2 connected: 192.168.88.197:65245
INFO: 2025/04/25 18:05:59 proxy.go:204: Client 2 disconnected: 192.168.88.197:65245
INFO: 2025/04/25 18:08:06 proxy.go:181: Client 3 connected: 192.168.88.197:65278
INFO: 2025/04/25 18:08:15 proxy.go:432: Mic OFF: 0002 (ID: 2)
INFO: 2025/04/25 18:09:06 proxy.go:204: Client 3 disconnected: 192.168.88.197:65278
INFO: 2025/04/25 18:12:00 proxy.go:181: Client 4 connected: 192.168.88.197:65314
INFO: 2025/04/25 18:12:29 proxy.go:399: Mic ON: 0026 (ID: 26)
INFO: 2025/04/25 18:12:29 proxy.go:432: Mic OFF: 0007 (ID: 7)
INFO: 2025/04/25 18:12:32 proxy.go:432: Mic OFF: 0004 (ID: 4)
INFO: 2025/04/25 18:12:45 proxy.go:347: Reset all microphone states due to empty API response
INFO: 2025/04/25 18:12:48 proxy.go:347: Reset all microphone states due to empty API response
INFO: 2025/04/25 18:12:51 proxy.go:347: Reset all microphone states due to empty API response
INFO: 2025/04/25 18:12:54 proxy.go:399: Mic ON: 0001 (ID: 1)
INFO: 2025/04/25 18:12:54 proxy.go:399: Mic ON: 0026 (ID: 26)
INFO: 2025/04/25 18:13:30 proxy.go:204: Client 4 disconnected: 192.168.88.197:65314
INFO: 2025/04/25 18:14:03 proxy.go:432: Mic OFF: 0026 (ID: 26)
INFO: 2025/04/25 18:14:11 proxy.go:347: Reset all microphone states due to empty API response
INFO: 2025/04/25 18:14:14 proxy.go:347: Reset all microphone states due to empty API response
INFO: 2025/04/25 18:14:17 proxy.go:347: Reset all microphone states due to empty API response
INFO: 2025/04/25 18:14:20 proxy.go:347: Reset all microphone states due to empty API response
INFO: 2025/04/25 18:14:23 proxy.go:347: Reset all microphone states due to empty API response
INFO: 2025/04/25 18:14:27 proxy.go:347: Reset all microphone states due to empty API response
INFO: 2025/04/25 18:14:30 proxy.go:347: Reset all microphone states due to empty API response
INFO: 2025/04/25 18:14:33 proxy.go:347: Reset all microphone states due to empty API response
INFO: 2025/04/25 18:14:36 proxy.go:347: Reset all microphone states due to empty API response
INFO: 2025/04/25 18:14:39 proxy.go:347: Reset all microphone states due to empty API response
INFO: 2025/04/25 18:14:42 proxy.go:347: Reset all microphone states due to empty API response
INFO: 2025/04/25 18:14:45 proxy.go:347: Reset all microphone states due to empty API response
INFO: 2025/04/25 18:14:48 proxy.go:347: Reset all microphone states due to empty API response
INFO: 2025/04/25 18:14:51 proxy.go:347: Reset all microphone states due to empty API response
INFO: 2025/04/25 18:14:54 proxy.go:347: Reset all microphone states due to empty API response
INFO: 2025/04/25 18:14:57 proxy.go:347: Reset all microphone states due to empty API response
INFO: 2025/04/25 18:15:00 proxy.go:347: Reset all microphone states due to empty API response
INFO: 2025/04/25 18:15:03 proxy.go:347: Reset all microphone states due to empty API response
INFO: 2025/04/25 18:15:06 proxy.go:347: Reset all microphone states due to empty API response
INFO: 2025/04/25 18:15:09 proxy.go:347: Reset all microphone states due to empty API response
INFO: 2025/04/25 18:15:12 proxy.go:347: Reset all microphone states due to empty API response
INFO: 2025/04/25 18:15:15 proxy.go:347: Reset all microphone states due to empty API response
INFO: 2025/04/25 18:15:18 proxy.go:347: Reset all microphone states due to empty API response
INFO: 2025/04/25 18:15:21 proxy.go:347: Reset all microphone states due to empty API response
INFO: 2025/04/25 18:15:24 proxy.go:347: Reset all microphone states due to empty API response
INFO: 2025/04/25 18:15:27 proxy.go:347: Reset all microphone states due to empty API response
INFO: 2025/04/25 18:15:30 proxy.go:347: Reset all microphone states due to empty API response
INFO: 2025/04/25 18:15:34 proxy.go:347: Reset all microphone states due to empty API response
INFO: 2025/04/25 18:15:37 proxy.go:347: Reset all microphone states due to empty API response
INFO: 2025/04/25 18:15:40 proxy.go:347: Reset all microphone states due to empty API response
INFO: 2025/04/25 18:15:43 proxy.go:347: Reset all microphone states due to empty API response
INFO: 2025/04/25 18:15:46 proxy.go:347: Reset all microphone states due to empty API response
INFO: 2025/04/25 18:15:49 proxy.go:347: Reset all microphone states due to empty API response
INFO: 2025/04/25 18:15:52 proxy.go:347: Reset all microphone states due to empty API response
INFO: 2025/04/25 18:15:55 proxy.go:347: Reset all microphone states due to empty API response
INFO: 2025/04/25 18:15:58 proxy.go:347: Reset all microphone states due to empty API response
INFO: 2025/04/25 18:16:01 proxy.go:347: Reset all microphone states due to empty API response
INFO: 2025/04/25 18:16:04 proxy.go:347: Reset all microphone states due to empty API response
INFO: 2025/04/25 18:16:07 proxy.go:347: Reset all microphone states due to empty API response
INFO: 2025/04/25 18:16:10 proxy.go:347: Reset all microphone states due to empty API response
INFO: 2025/04/25 18:16:13 proxy.go:347: Reset all microphone states due to empty API response
INFO: 2025/04/25 18:16:16 proxy.go:347: Reset all microphone states due to empty API response
INFO: 2025/04/25 18:16:19 proxy.go:347: Reset all microphone states due to empty API response
INFO: 2025/04/25 18:16:22 proxy.go:347: Reset all microphone states due to empty API response
INFO: 2025/04/25 18:16:25 proxy.go:347: Reset all microphone states due to empty API response
INFO: 2025/04/25 18:16:28 proxy.go:347: Reset all microphone states due to empty API response
INFO: 2025/04/25 18:16:31 proxy.go:347: Reset all microphone states due to empty API response
INFO: 2025/04/25 18:16:34 proxy.go:347: Reset all microphone states due to empty API response
INFO: 2025/04/25 18:16:37 proxy.go:347: Reset all microphone states due to empty API response
INFO: 2025/04/25 18:16:40 proxy.go:347: Reset all microphone states due to empty API response
INFO: 2025/04/25 18:16:43 proxy.go:347: Reset all microphone states due to empty API response
INFO: 2025/04/25 18:16:46 proxy.go:347: Reset all microphone states due to empty API response
INFO: 2025/04/25 18:16:49 proxy.go:347: Reset all microphone states due to empty API response
INFO: 2025/04/25 18:16:52 proxy.go:347: Reset all microphone states due to empty API response
INFO: 2025/04/25 18:16:56 proxy.go:347: Reset all microphone states due to empty API response
INFO: 2025/04/25 18:16:59 proxy.go:347: Reset all microphone states due to empty API response
INFO: 2025/04/25 18:17:02 proxy.go:347: Reset all microphone states due to empty API response
INFO: 2025/04/25 18:17:05 proxy.go:347: Reset all microphone states due to empty API response
INFO: 2025/04/25 18:17:08 proxy.go:347: Reset all microphone states due to empty API response
INFO: 2025/04/25 18:17:11 proxy.go:347: Reset all microphone states due to empty API response
INFO: 2025/04/25 18:17:14 proxy.go:347: Reset all microphone states due to empty API response
INFO: 2025/04/25 18:17:17 proxy.go:347: Reset all microphone states due to empty API response
INFO: 2025/04/25 18:17:20 proxy.go:347: Reset all microphone states due to empty API response
INFO: 2025/04/25 18:17:23 proxy.go:347: Reset all microphone states due to empty API response
INFO: 2025/04/25 18:17:26 proxy.go:347: Reset all microphone states due to empty API response
INFO: 2025/04/25 18:17:29 proxy.go:347: Reset all microphone states due to empty API response
INFO: 2025/04/25 18:17:32 proxy.go:347: Reset all microphone states due to empty API response
INFO: 2025/04/25 18:17:35 proxy.go:347: Reset all microphone states due to empty API response
INFO: 2025/04/25 18:17:38 proxy.go:347: Reset all microphone states due to empty API response
INFO: 2025/04/25 18:17:41 proxy.go:347: Reset all microphone states due to empty API response
INFO: 2025/04/25 18:17:44 proxy.go:347: Reset all microphone states due to empty API response
INFO: 2025/04/25 18:17:47 proxy.go:347: Reset all microphone states due to empty API response
INFO: 2025/04/25 18:17:50 proxy.go:347: Reset all microphone states due to empty API response
INFO: 2025/04/25 18:17:53 proxy.go:347: Reset all microphone states due to empty API response
INFO: 2025/04/25 18:17:56 proxy.go:347: Reset all microphone states due to empty API response
INFO: 2025/04/25 18:17:59 proxy.go:347: Reset all microphone states due to empty API response
INFO: 2025/04/25 18:18:02 proxy.go:347: Reset all microphone states due to empty API response
INFO: 2025/04/25 18:18:05 proxy.go:347: Reset all microphone states due to empty API response
INFO: 2025/04/25 18:18:08 proxy.go:347: Reset all microphone states due to empty API response
INFO: 2025/04/25 18:18:11 proxy.go:347: Reset all microphone states due to empty API response
INFO: 2025/04/25 18:18:14 proxy.go:347: Reset all microphone states due to empty API response
INFO: 2025/04/25 18:18:17 proxy.go:347: Reset all microphone states due to empty API response
INFO: 2025/04/25 18:18:20 proxy.go:347: Reset all microphone states due to empty API response
INFO: 2025/04/25 18:18:24 proxy.go:347: Reset all microphone states due to empty API response
INFO: 2025/04/25 18:18:27 proxy.go:347: Reset all microphone states due to empty API response
INFO: 2025/04/25 18:18:30 proxy.go:347: Reset all microphone states due to empty API response
INFO: 2025/04/25 18:18:33 proxy.go:347: Reset all microphone states due to empty API response
INFO: 2025/04/25 18:18:36 proxy.go:347: Reset all microphone states due to empty API response
INFO: 2025/04/25 18:18:39 proxy.go:347: Reset all microphone states due to empty API response
INFO: 2025/04/25 18:18:42 proxy.go:347: Reset all microphone states due to empty API response
INFO: 2025/04/25 18:18:45 proxy.go:347: Reset all microphone states due to empty API response
INFO: 2025/04/25 18:18:48 proxy.go:347: Reset all microphone states due to empty API response
INFO: 2025/04/25 18:18:51 proxy.go:347: Reset all microphone states due to empty API response
INFO: 2025/04/25 18:18:54 proxy.go:347: Reset all microphone states due to empty API response
INFO: 2025/04/25 18:18:57 proxy.go:347: Reset all microphone states due to empty API response
INFO: 2025/04/25 18:19:00 proxy.go:347: Reset all microphone states due to empty API response
INFO: 2025/04/25 18:19:03 proxy.go:347: Reset all microphone states due to empty API response
INFO: 2025/04/25 18:19:06 proxy.go:347: Reset all microphone states due to empty API response
INFO: 2025/04/25 18:19:09 proxy.go:347: Reset all microphone states due to empty API response
INFO: 2025/04/25 18:19:12 proxy.go:347: Reset all microphone states due to empty API response
INFO: 2025/04/25 18:19:15 proxy.go:347: Reset all microphone states due to empty API response
INFO: 2025/04/25 18:19:18 proxy.go:347: Reset all microphone states due to empty API response
INFO: 2025/04/25 18:19:21 proxy.go:347: Reset all microphone states due to empty API response
INFO: 2025/04/25 18:19:24 proxy.go:347: Reset all microphone states due to empty API response
INFO: 2025/04/25 18:19:27 proxy.go:347: Reset all microphone states due to empty API response
INFO: 2025/04/25 18:19:30 proxy.go:347: Reset all microphone states due to empty API response
INFO: 2025/04/25 18:19:33 proxy.go:347: Reset all microphone states due to empty API response
INFO: 2025/04/25 18:19:36 proxy.go:347: Reset all microphone states due to empty API response
INFO: 2025/04/25 18:19:39 proxy.go:347: Reset all microphone states due to empty API response
INFO: 2025/04/25 18:19:42 proxy.go:347: Reset all microphone states due to empty API response
INFO: 2025/04/25 18:19:45 proxy.go:347: Reset all microphone states due to empty API response
INFO: 2025/04/25 18:19:48 proxy.go:347: Reset all microphone states due to empty API response
INFO: 2025/04/25 18:19:52 proxy.go:347: Reset all microphone states due to empty API response
INFO: 2025/04/25 18:19:55 proxy.go:347: Reset all microphone states due to empty API response
INFO: 2025/04/25 18:19:58 proxy.go:347: Reset all microphone states due to empty API response
INFO: 2025/04/25 18:20:01 proxy.go:347: Reset all microphone states due to empty API response
INFO: 2025/04/25 18:20:04 proxy.go:347: Reset all microphone states due to empty API response
INFO: 2025/04/25 18:20:07 proxy.go:347: Reset all microphone states due to empty API response
INFO: 2025/04/25 18:20:10 proxy.go:347: Reset all microphone states due to empty API response
INFO: 2025/04/25 18:20:13 proxy.go:347: Reset all microphone states due to empty API response
INFO: 2025/04/25 18:20:16 proxy.go:347: Reset all microphone states due to empty API response
INFO: 2025/04/25 18:20:19 proxy.go:347: Reset all microphone states due to empty API response
INFO: 2025/04/25 18:20:22 proxy.go:347: Reset all microphone states due to empty API response
INFO: 2025/04/25 18:20:25 proxy.go:347: Reset all microphone states due to empty API response
INFO: 2025/04/25 18:20:28 proxy.go:347: Reset all microphone states due to empty API response
INFO: 2025/04/25 18:20:31 proxy.go:347: Reset all microphone states due to empty API response
INFO: 2025/04/25 18:20:34 proxy.go:347: Reset all microphone states due to empty API response
INFO: 2025/04/25 18:20:37 proxy.go:347: Reset all microphone states due to empty API response
INFO: 2025/04/25 18:20:40 proxy.go:347: Reset all microphone states due to empty API response
INFO: 2025/04/25 18:20:43 proxy.go:347: Reset all microphone states due to empty API response
INFO: 2025/04/25 18:20:46 proxy.go:347: Reset all microphone states due to empty API response
INFO: 2025/04/25 18:20:49 proxy.go:347: Reset all microphone states due to empty API response
INFO: 2025/04/25 18:20:52 proxy.go:347: Reset all microphone states due to empty API response
INFO: 2025/04/25 18:20:55 proxy.go:347: Reset all microphone states due to empty API response
INFO: 2025/04/25 18:20:58 proxy.go:347: Reset all microphone states due to empty API response
INFO: 2025/04/25 18:21:01 proxy.go:347: Reset all microphone states due to empty API response
INFO: 2025/04/25 18:21:04 proxy.go:347: Reset all microphone states due to empty API response
INFO: 2025/04/25 18:21:07 proxy.go:347: Reset all microphone states due to empty API response
INFO: 2025/04/25 18:21:10 proxy.go:347: Reset all microphone states due to empty API response
INFO: 2025/04/25 18:21:13 proxy.go:347: Reset all microphone states due to empty API response
INFO: 2025/04/25 18:21:16 proxy.go:347: Reset all microphone states due to empty API response
INFO: 2025/04/25 18:21:19 proxy.go:347: Reset all microphone states due to empty API response
INFO: 2025/04/25 18:21:23 proxy.go:347: Reset all microphone states due to empty API response
INFO: 2025/04/25 18:21:26 proxy.go:347: Reset all microphone states due to empty API response
INFO: 2025/04/25 18:21:29 proxy.go:347: Reset all microphone states due to empty API response
INFO: 2025/04/25 18:21:32 proxy.go:347: Reset all microphone states due to empty API response
INFO: 2025/04/25 18:21:35 proxy.go:347: Reset all microphone states due to empty API response
INFO: 2025/04/25 18:21:38 proxy.go:347: Reset all microphone states due to empty API response
INFO: 2025/04/25 18:21:41 proxy.go:347: Reset all microphone states due to empty API response
INFO: 2025/04/25 18:21:44 proxy.go:347: Reset all microphone states due to empty API response
INFO: 2025/04/25 18:21:47 proxy.go:347: Reset all microphone states due to empty API response
INFO: 2025/04/25 18:21:50 proxy.go:347: Reset all microphone states due to empty API response
INFO: 2025/04/25 18:21:53 proxy.go:347: Reset all microphone states due to empty API response
INFO: 2025/04/25 18:21:56 proxy.go:347: Reset all microphone states due to empty API response
INFO: 2025/04/25 18:21:59 proxy.go:347: Reset all microphone states due to empty API response
INFO: 2025/04/25 18:22:02 proxy.go:347: Reset all microphone states due to empty API response
INFO: 2025/04/25 18:22:05 proxy.go:347: Reset all microphone states due to empty API response
INFO: 2025/04/25 18:22:08 proxy.go:347: Reset all microphone states due to empty API response
INFO: 2025/04/25 18:22:11 proxy.go:347: Reset all microphone states due to empty API response
INFO: 2025/04/25 18:22:14 proxy.go:347: Reset all microphone states due to empty API response
INFO: 2025/04/25 18:22:17 proxy.go:347: Reset all microphone states due to empty API response
INFO: 2025/04/25 18:22:20 proxy.go:347: Reset all microphone states due to empty API response
INFO: 2025/04/25 18:22:23 proxy.go:347: Reset all microphone states due to empty API response
INFO: 2025/04/25 18:22:26 proxy.go:347: Reset all microphone states due to empty API response
INFO: 2025/04/25 18:22:29 proxy.go:347: Reset all microphone states due to empty API response
INFO: 2025/04/25 18:22:32 proxy.go:347: Reset all microphone states due to empty API response
INFO: 2025/04/25 18:22:35 proxy.go:347: Reset all microphone states due to empty API response
INFO: 2025/04/25 18:22:38 proxy.go:347: Reset all microphone states due to empty API response
INFO: 2025/04/25 18:22:41 proxy.go:347: Reset all microphone states due to empty API response
INFO: 2025/04/25 18:22:44 proxy.go:347: Reset all microphone states due to empty API response
INFO: 2025/04/25 18:22:47 proxy.go:347: Reset all microphone states due to empty API response
INFO: 2025/04/25 18:22:51 proxy.go:347: Reset all microphone states due to empty API response
INFO: 2025/04/25 18:22:54 proxy.go:347: Reset all microphone states due to empty API response
INFO: 2025/04/25 18:22:57 proxy.go:347: Reset all microphone states due to empty API response
INFO: 2025/04/25 18:23:00 proxy.go:347: Reset all microphone states due to empty API response
INFO: 2025/04/25 18:23:03 proxy.go:347: Reset all microphone states due to empty API response
INFO: 2025/04/25 18:23:06 proxy.go:347: Reset all microphone states due to empty API response
INFO: 2025/04/25 18:23:09 proxy.go:347: Reset all microphone states due to empty API response
INFO: 2025/04/25 18:23:12 proxy.go:347: Reset all microphone states due to empty API response
INFO: 2025/04/25 18:23:15 proxy.go:347: Reset all microphone states due to empty API response
INFO: 2025/04/25 18:23:18 proxy.go:347: Reset all microphone states due to empty API response
INFO: 2025/04/25 18:23:21 proxy.go:347: Reset all microphone states due to empty API response
INFO: 2025/04/25 18:23:24 proxy.go:347: Reset all microphone states due to empty API response
INFO: 2025/04/25 18:23:27 proxy.go:347: Reset all microphone states due to empty API response
INFO: 2025/04/25 18:23:30 proxy.go:347: Reset all microphone states due to empty API response
INFO: 2025/04/25 18:23:33 proxy.go:347: Reset all microphone states due to empty API response
INFO: 2025/04/25 18:23:36 proxy.go:347: Reset all microphone states due to empty API response
INFO: 2025/04/25 18:23:39 proxy.go:347: Reset all microphone states due to empty API response
INFO: 2025/04/25 18:23:42 proxy.go:347: Reset all microphone states due to empty API response
INFO: 2025/04/25 18:23:45 proxy.go:347: Reset all microphone states due to empty API response
INFO: 2025/04/25 18:23:48 proxy.go:347: Reset all microphone states due to empty API response
INFO: 2025/04/25 18:23:51 proxy.go:347: Reset all microphone states due to empty API response
INFO: 2025/04/25 18:23:54 proxy.go:347: Reset all microphone states due to empty API response
INFO: 2025/04/25 18:23:57 proxy.go:347: Reset all microphone states due to empty API response
INFO: 2025/04/25 18:24:00 proxy.go:347: Reset all microphone states due to empty API response
INFO: 2025/04/25 18:24:03 proxy.go:347: Reset all microphone states due to empty API response
INFO: 2025/04/25 18:24:06 proxy.go:347: Reset all microphone states due to empty API response
INFO: 2025/04/25 18:24:09 proxy.go:347: Reset all microphone states due to empty API response
INFO: 2025/04/25 18:24:13 proxy.go:347: Reset all microphone states due to empty API response
INFO: 2025/04/25 18:24:16 proxy.go:347: Reset all microphone states due to empty API response
INFO: 2025/04/25 18:24:19 proxy.go:347: Reset all microphone states due to empty API response
INFO: 2025/04/25 18:24:22 proxy.go:347: Reset all microphone states due to empty API response
INFO: 2025/04/25 18:24:25 proxy.go:347: Reset all microphone states due to empty API response
INFO: 2025/04/25 18:24:28 proxy.go:347: Reset all microphone states due to empty API response
INFO: 2025/04/25 18:24:31 proxy.go:347: Reset all microphone states due to empty API response
INFO: 2025/04/25 18:24:34 proxy.go:347: Reset all microphone states due to empty API response
INFO: 2025/04/25 18:24:37 proxy.go:347: Reset all microphone states due to empty API response
INFO: 2025/04/25 18:24:40 proxy.go:347: Reset all microphone states due to empty API response
INFO: 2025/04/25 18:24:43 proxy.go:347: Reset all microphone states due to empty API response
INFO: 2025/04/25 18:24:46 proxy.go:347: Reset all microphone states due to empty API response
INFO: 2025/04/25 18:24:49 proxy.go:347: Reset all microphone states due to empty API response
INFO: 2025/04/25 18:24:52 proxy.go:347: Reset all microphone states due to empty API response
INFO: 2025/04/25 18:24:55 proxy.go:347: Reset all microphone states due to empty API response
INFO: 2025/04/25 18:24:58 proxy.go:347: Reset all microphone states due to empty API response
INFO: 2025/04/25 18:25:01 proxy.go:347: Reset all microphone states due to empty API response
INFO: 2025/04/25 18:25:04 proxy.go:347: Reset all microphone states due to empty API response
INFO: 2025/04/25 18:25:07 proxy.go:347: Reset all microphone states due to empty API response
INFO: 2025/04/25 18:25:10 proxy.go:347: Reset all microphone states due to empty API response
INFO: 2025/04/25 18:25:13 proxy.go:347: Reset all microphone states due to empty API response
INFO: 2025/04/25 18:25:16 proxy.go:347: Reset all microphone states due to empty API response
